// Jest Snapshot v1, https://goo.gl/fbAQLP

exports[`.toBeError() fails when not given an error 1`] = `"not an error"`;
