// Jest Snapshot v1, https://goo.gl/fbAQLP

exports[`matches snapshot 1`] = `
<div>
  <time
    aria-label="time"
  >
    21/05/2021 08:27:00
  </time>
</div>
`;
